2024-11-11 08:49:42,146 - INFO - Carregando dados...
2024-11-11 08:49:42,147 - INFO - |- Abrindo tela
2024-11-11 08:49:42,148 - INFO - ====== WebDriver manager ======
2024-11-11 08:49:42,288 - INFO - Get LATEST chromedriver version for google-chrome
2024-11-11 08:49:42,346 - INFO - Get LATEST chromedriver version for google-chrome
2024-11-11 08:49:42,403 - INFO - Get LATEST chromedriver version for google-chrome
2024-11-11 08:49:42,719 - INFO - WebDriver version 130.0.6723.116 selected
2024-11-11 08:49:42,724 - INFO - Modern chrome version https://storage.googleapis.com/chrome-for-testing-public/130.0.6723.116/linux64/chromedriver-linux64.zip
2024-11-11 08:49:42,725 - INFO - About to download new driver from https://storage.googleapis.com/chrome-for-testing-public/130.0.6723.116/linux64/chromedriver-linux64.zip
2024-11-11 08:49:42,935 - INFO - Driver downloading response is 200
2024-11-11 08:49:44,444 - INFO - Get LATEST chromedriver version for google-chrome
2024-11-11 08:49:44,733 - INFO - Driver has been saved in cache [/home/gabriel/.wdm/drivers/chromedriver/linux64/130.0.6723.116]
2024-11-11 08:49:46,695 - INFO - patching driver executable /home/gabriel/.local/share/undetected_chromedriver/undetected_chromedriver
2024-11-11 08:50:00,825 - INFO - Fazendo login no gmail...
2024-11-11 08:50:22,747 - INFO - Fazendo login no Mycotas...
2024-11-11 08:50:29,205 - INFO - Escolhendo o tipo de consorcio...
2024-11-11 08:50:33,328 - INFO - Configurando o input
2024-11-11 08:50:38,519 - INFO - Buscando ofertas na faixa de 55000.0...
2024-11-11 08:50:56,025 - INFO - Oportunidade encontrada na faixa de 55000.0...
2024-11-11 08:51:10,545 - INFO - Mensagem enviada com sucesso...
2024-11-11 08:51:10,545 - INFO - Enviando Email...
2024-11-11 08:51:23,161 - INFO - Oportunidade encontrada na faixa de 55000.0...
2024-11-11 08:51:37,214 - INFO - Mensagem enviada com sucesso...
2024-11-11 08:51:37,215 - INFO - Enviando Email...
2024-11-11 08:51:49,075 - INFO - Configurando o input
2024-11-11 08:52:53,377 - INFO - Buscando ofertas na faixa de 255000.0...
2024-11-11 08:53:06,644 - INFO - Oportunidade encontrada na faixa de 255000.0...
2024-11-11 08:53:20,660 - INFO - Mensagem enviada com sucesso...
2024-11-11 08:53:20,661 - INFO - Enviando Email...
2024-11-11 08:53:34,897 - INFO - Oportunidade encontrada na faixa de 255000.0...
2024-11-11 08:53:48,917 - INFO - Mensagem enviada com sucesso...
2024-11-11 08:53:48,917 - INFO - Enviando Email...
2024-11-11 08:54:01,028 - INFO - Oportunidade encontrada na faixa de 255000.0...
2024-11-11 08:54:15,063 - INFO - Mensagem enviada com sucesso...
2024-11-11 08:54:15,064 - INFO - Enviando Email...
2024-11-11 08:54:27,046 - INFO - Oportunidade encontrada na faixa de 255000.0...
2024-11-11 08:54:41,339 - INFO - Mensagem enviada com sucesso...
2024-11-11 08:54:41,339 - INFO - Enviando Email...
2024-11-11 08:54:55,329 - INFO - Configurando o input
2024-11-11 08:55:59,791 - INFO - Buscando ofertas na faixa de 455000.0...
2024-11-11 08:56:13,000 - INFO - Oportunidade encontrada na faixa de 455000.0...
2024-11-11 08:56:26,997 - INFO - Mensagem enviada com sucesso...
2024-11-11 08:56:26,997 - INFO - Enviando Email...
2024-11-11 08:56:38,845 - INFO - Configurando o input
2024-11-11 08:57:43,236 - INFO - Buscando ofertas na faixa de 655000.0...
2024-11-11 08:57:56,465 - INFO - Oportunidade encontrada na faixa de 655000.0...
2024-11-11 08:58:10,490 - INFO - Mensagem enviada com sucesso...
2024-11-11 08:58:10,491 - INFO - Enviando Email...
2024-11-11 08:58:22,297 - INFO - Configurando o input
2024-11-11 08:58:37,620 - INFO - Buscando ofertas na faixa de 700000.0...
2024-11-11 08:58:50,830 - INFO - Oportunidade encontrada na faixa de 700000.0...
2024-11-11 08:59:04,863 - INFO - Mensagem enviada com sucesso...
2024-11-11 08:59:04,863 - INFO - Enviando Email...
2024-11-11 08:59:16,781 - INFO - Entrando em modo de espera...
2024-11-11 14:02:51,417 - INFO - Carregando dados...
2024-11-11 14:02:51,418 - INFO - |- Abrindo tela
2024-11-11 14:02:51,419 - INFO - ====== WebDriver manager ======
2024-11-11 14:02:51,557 - INFO - Get LATEST chromedriver version for google-chrome
2024-11-11 14:02:51,609 - INFO - Get LATEST chromedriver version for google-chrome
2024-11-11 14:02:51,659 - INFO - Driver [/home/gabriel/.wdm/drivers/chromedriver/linux64/130.0.6723.116/chromedriver-linux64/chromedriver] found in cache
2024-11-11 14:02:53,779 - INFO - patching driver executable /home/gabriel/.local/share/undetected_chromedriver/undetected_chromedriver
2024-11-11 14:03:08,177 - INFO - Fazendo login no gmail...
2024-11-11 14:03:29,892 - INFO - Fazendo login no Mycotas...
2024-11-11 14:03:36,336 - INFO - Escolhendo o tipo de consorcio...
2024-11-11 14:03:40,450 - INFO - Configurando o input
2024-11-11 14:03:45,632 - INFO - Buscando ofertas na faixa de 55000.0...
2024-11-11 14:04:07,270 - INFO - Configurando o input
2024-11-11 14:04:35,883 - INFO - Carregando dados...
2024-11-11 14:04:35,883 - INFO - |- Abrindo tela
2024-11-11 14:04:35,884 - INFO - ====== WebDriver manager ======
2024-11-11 14:04:36,079 - INFO - Get LATEST chromedriver version for google-chrome
2024-11-11 14:04:36,130 - INFO - Get LATEST chromedriver version for google-chrome
2024-11-11 14:04:36,257 - INFO - Driver [/home/gabriel/.wdm/drivers/chromedriver/linux64/130.0.6723.116/chromedriver-linux64/chromedriver] found in cache
2024-11-11 14:04:38,248 - INFO - patching driver executable /home/gabriel/.local/share/undetected_chromedriver/undetected_chromedriver
2024-11-11 14:04:52,158 - INFO - Fazendo login no gmail...
2024-11-11 14:05:13,794 - INFO - Fazendo login no Mycotas...
2024-11-11 14:05:20,197 - INFO - Escolhendo o tipo de consorcio...
2024-11-11 14:05:24,285 - INFO - Configurando o input
2024-11-11 14:05:29,510 - INFO - Buscando ofertas na faixa de 55000.0...
2024-11-11 14:05:47,150 - INFO - Oportunidade encontrada na faixa de 55000.0...
2024-11-11 14:06:01,428 - INFO - Mensagem enviada com sucesso...
2024-11-11 14:06:03,521 - INFO - Enviando Email...
2024-11-11 14:06:33,930 - INFO - Carregando dados...
2024-11-11 14:06:33,934 - INFO - |- Abrindo tela
2024-11-11 14:06:33,935 - INFO - ====== WebDriver manager ======
2024-11-11 14:06:34,081 - INFO - Get LATEST chromedriver version for google-chrome
2024-11-11 14:06:34,150 - INFO - Get LATEST chromedriver version for google-chrome
2024-11-11 14:06:34,213 - INFO - Driver [/home/gabriel/.wdm/drivers/chromedriver/linux64/130.0.6723.116/chromedriver-linux64/chromedriver] found in cache
2024-11-11 14:06:36,111 - INFO - patching driver executable /home/gabriel/.local/share/undetected_chromedriver/undetected_chromedriver
2024-11-11 14:06:50,288 - INFO - Fazendo login no gmail...
2024-11-11 14:07:12,458 - INFO - Fazendo login no Mycotas...
2024-11-11 14:07:18,905 - INFO - Escolhendo o tipo de consorcio...
2024-11-11 14:07:23,024 - INFO - Configurando o input
2024-11-11 14:07:28,173 - INFO - Buscando ofertas na faixa de 55000.0...
2024-11-11 14:07:45,712 - INFO - Oportunidade encontrada na faixa de 55000.0...
2024-11-11 14:08:00,089 - INFO - Mensagem enviada com sucesso...
2024-11-11 14:08:28,902 - INFO - Carregando dados...
2024-11-11 14:08:28,905 - INFO - |- Abrindo tela
2024-11-11 14:08:28,908 - INFO - ====== WebDriver manager ======
2024-11-11 14:08:29,057 - INFO - Get LATEST chromedriver version for google-chrome
2024-11-11 14:08:29,123 - INFO - Get LATEST chromedriver version for google-chrome
2024-11-11 14:08:29,180 - INFO - Driver [/home/gabriel/.wdm/drivers/chromedriver/linux64/130.0.6723.116/chromedriver-linux64/chromedriver] found in cache
2024-11-11 14:08:31,233 - INFO - patching driver executable /home/gabriel/.local/share/undetected_chromedriver/undetected_chromedriver
2024-11-11 14:08:45,699 - INFO - Fazendo login no gmail...
2024-11-11 14:09:07,817 - INFO - Fazendo login no Mycotas...
2024-11-11 14:09:14,472 - INFO - Escolhendo o tipo de consorcio...
2024-11-11 14:09:18,613 - INFO - Configurando o input
2024-11-11 14:09:23,738 - INFO - Buscando ofertas na faixa de 55000.0...
2024-11-11 14:09:41,206 - INFO - Oportunidade encontrada na faixa de 55000.0...
2024-11-11 14:10:17,533 - INFO - Mensagem enviada com sucesso...
2024-11-11 14:11:52,208 - INFO - Carregando dados...
2024-11-11 14:11:52,212 - INFO - |- Abrindo tela
2024-11-11 14:11:52,214 - INFO - ====== WebDriver manager ======
2024-11-11 14:11:52,355 - INFO - Get LATEST chromedriver version for google-chrome
2024-11-11 14:11:52,419 - INFO - Get LATEST chromedriver version for google-chrome
2024-11-11 14:11:52,468 - INFO - Driver [/home/gabriel/.wdm/drivers/chromedriver/linux64/130.0.6723.116/chromedriver-linux64/chromedriver] found in cache
2024-11-11 14:11:54,633 - INFO - patching driver executable /home/gabriel/.local/share/undetected_chromedriver/undetected_chromedriver
2024-11-11 14:12:09,044 - INFO - Fazendo login no gmail...
2024-11-11 14:12:31,260 - INFO - Fazendo login no Mycotas...
2024-11-11 14:12:37,711 - INFO - Escolhendo o tipo de consorcio...
2024-11-11 14:12:41,834 - INFO - Configurando o input
2024-11-11 14:12:47,102 - INFO - Buscando ofertas na faixa de 55000.0...
2024-11-11 14:13:04,709 - INFO - Oportunidade encontrada na faixa de 55000.0...
2024-11-11 14:13:18,930 - INFO - Mensagem enviada com sucesso...
2024-11-11 14:13:47,597 - INFO - Carregando dados...
2024-11-11 14:13:47,601 - INFO - |- Abrindo tela
2024-11-11 14:13:47,603 - INFO - ====== WebDriver manager ======
2024-11-11 14:13:47,751 - INFO - Get LATEST chromedriver version for google-chrome
2024-11-11 14:13:47,817 - INFO - Get LATEST chromedriver version for google-chrome
2024-11-11 14:13:47,880 - INFO - Driver [/home/gabriel/.wdm/drivers/chromedriver/linux64/130.0.6723.116/chromedriver-linux64/chromedriver] found in cache
2024-11-11 14:13:49,875 - INFO - patching driver executable /home/gabriel/.local/share/undetected_chromedriver/undetected_chromedriver
2024-11-11 14:14:04,291 - INFO - Fazendo login no gmail...
2024-11-11 14:14:27,654 - INFO - Fazendo login no Mycotas...
2024-11-11 14:14:34,628 - INFO - Escolhendo o tipo de consorcio...
2024-11-11 14:14:38,824 - INFO - Configurando o input
2024-11-11 14:14:44,193 - INFO - Buscando ofertas na faixa de 55000.0...
2024-11-11 14:15:02,179 - INFO - Oportunidade encontrada na faixa de 55000.0...
2024-11-11 14:15:26,841 - INFO - Mensagem enviada com sucesso...
2024-11-11 14:17:02,220 - INFO - Carregando dados...
2024-11-11 14:17:02,223 - INFO - |- Abrindo tela
2024-11-11 14:17:02,226 - INFO - ====== WebDriver manager ======
2024-11-11 14:17:02,366 - INFO - Get LATEST chromedriver version for google-chrome
2024-11-11 14:17:02,432 - INFO - Get LATEST chromedriver version for google-chrome
2024-11-11 14:17:02,490 - INFO - Driver [/home/gabriel/.wdm/drivers/chromedriver/linux64/130.0.6723.116/chromedriver-linux64/chromedriver] found in cache
2024-11-11 14:17:04,762 - INFO - patching driver executable /home/gabriel/.local/share/undetected_chromedriver/undetected_chromedriver
2024-11-11 14:17:21,421 - INFO - Fazendo login no gmail...
2024-11-11 14:17:45,650 - INFO - Fazendo login no Mycotas...
2024-11-11 14:17:53,115 - INFO - Escolhendo o tipo de consorcio...
2024-11-11 14:17:57,225 - INFO - Configurando o input
2024-11-11 14:18:02,591 - INFO - Buscando ofertas na faixa de 55000.0...
2024-11-11 14:18:20,427 - INFO - Oportunidade encontrada na faixa de 55000.0...
2024-11-11 14:18:35,042 - INFO - Mensagem enviada com sucesso...
2024-11-11 14:19:08,312 - INFO - Carregando dados...
2024-11-11 14:19:08,317 - INFO - |- Abrindo tela
2024-11-11 14:19:08,320 - INFO - ====== WebDriver manager ======
2024-11-11 14:19:08,479 - INFO - Get LATEST chromedriver version for google-chrome
2024-11-11 14:19:08,558 - INFO - Get LATEST chromedriver version for google-chrome
2024-11-11 14:19:08,646 - INFO - Driver [/home/gabriel/.wdm/drivers/chromedriver/linux64/130.0.6723.116/chromedriver-linux64/chromedriver] found in cache
2024-11-11 14:19:10,799 - INFO - patching driver executable /home/gabriel/.local/share/undetected_chromedriver/undetected_chromedriver
2024-11-11 14:19:26,237 - INFO - Fazendo login no gmail...
2024-11-11 14:19:50,210 - INFO - Fazendo login no Mycotas...
2024-11-11 14:19:57,748 - INFO - Escolhendo o tipo de consorcio...
2024-11-11 14:20:01,936 - INFO - Configurando o input
2024-11-11 14:20:07,277 - INFO - Buscando ofertas na faixa de 55000.0...
2024-11-11 14:20:24,995 - INFO - Oportunidade encontrada na faixa de 55000.0...
2024-11-11 14:20:39,554 - INFO - Mensagem enviada com sucesso...
2024-11-11 14:21:58,175 - INFO - Carregando dados...
2024-11-11 14:21:58,181 - INFO - |- Abrindo tela
2024-11-11 14:21:58,184 - INFO - ====== WebDriver manager ======
2024-11-11 14:21:58,341 - INFO - Get LATEST chromedriver version for google-chrome
2024-11-11 14:21:58,406 - INFO - Get LATEST chromedriver version for google-chrome
2024-11-11 14:21:58,468 - INFO - Driver [/home/gabriel/.wdm/drivers/chromedriver/linux64/130.0.6723.116/chromedriver-linux64/chromedriver] found in cache
2024-11-11 14:22:00,645 - INFO - patching driver executable /home/gabriel/.local/share/undetected_chromedriver/undetected_chromedriver
2024-11-11 14:22:13,718 - INFO - Fazendo login no gmail...
2024-11-11 14:22:36,183 - INFO - Fazendo login no Mycotas...
2024-11-11 14:22:43,401 - INFO - Escolhendo o tipo de consorcio...
2024-11-11 14:22:47,555 - INFO - Configurando o input
2024-11-11 14:22:52,816 - INFO - Buscando ofertas na faixa de 55000.0...
2024-11-11 14:23:10,451 - INFO - Oportunidade encontrada na faixa de 55000.0...
2024-11-11 14:23:25,040 - INFO - Mensagem enviada com sucesso...
2024-11-11 14:24:54,632 - INFO - Carregando dados...
2024-11-11 14:24:54,636 - INFO - |- Abrindo tela
2024-11-11 14:24:54,639 - INFO - ====== WebDriver manager ======
2024-11-11 14:24:54,780 - INFO - Get LATEST chromedriver version for google-chrome
2024-11-11 14:24:54,851 - INFO - Get LATEST chromedriver version for google-chrome
2024-11-11 14:24:54,911 - INFO - Driver [/home/gabriel/.wdm/drivers/chromedriver/linux64/130.0.6723.116/chromedriver-linux64/chromedriver] found in cache
2024-11-11 14:24:57,027 - INFO - patching driver executable /home/gabriel/.local/share/undetected_chromedriver/undetected_chromedriver
2024-11-11 14:25:12,293 - INFO - Fazendo login no gmail...
2024-11-11 14:25:36,027 - INFO - Fazendo login no Mycotas...
2024-11-11 14:25:42,916 - INFO - Escolhendo o tipo de consorcio...
2024-11-11 14:25:47,136 - INFO - Configurando o input
2024-11-11 14:25:52,567 - INFO - Buscando ofertas na faixa de 55000.0...
2024-11-11 14:26:10,297 - INFO - Oportunidade encontrada na faixa de 55000.0...
2024-11-11 14:26:24,873 - INFO - Mensagem enviada com sucesso...
2024-11-11 14:26:29,288 - INFO - Oportunidade encontrada na faixa de 55000.0...
2024-11-11 14:26:43,759 - INFO - Mensagem enviada com sucesso...
2024-11-11 14:26:48,027 - INFO - Configurando o input
2024-11-11 14:27:52,493 - INFO - Buscando ofertas na faixa de 255000.0...
2024-11-11 14:28:05,862 - INFO - Oportunidade encontrada na faixa de 255000.0...
2024-11-11 14:28:20,287 - INFO - Mensagem enviada com sucesso...
2024-11-11 14:28:26,702 - INFO - Oportunidade encontrada na faixa de 255000.0...
2024-11-11 14:28:41,043 - INFO - Mensagem enviada com sucesso...
2024-11-11 14:28:45,324 - INFO - Oportunidade encontrada na faixa de 255000.0...
2024-11-11 14:28:59,774 - INFO - Mensagem enviada com sucesso...
2024-11-11 14:29:04,080 - INFO - Oportunidade encontrada na faixa de 255000.0...
2024-11-11 14:29:18,504 - INFO - Mensagem enviada com sucesso...
2024-11-11 14:29:24,868 - INFO - Configurando o input
2024-11-11 14:30:29,609 - INFO - Buscando ofertas na faixa de 455000.0...
2024-11-11 14:30:42,933 - INFO - Oportunidade encontrada na faixa de 455000.0...
2024-11-11 14:30:57,313 - INFO - Mensagem enviada com sucesso...
2024-11-11 14:31:01,507 - INFO - Configurando o input
2024-11-11 14:32:06,185 - INFO - Buscando ofertas na faixa de 655000.0...
2024-11-11 14:32:19,494 - INFO - Oportunidade encontrada na faixa de 655000.0...
2024-11-11 14:32:33,883 - INFO - Mensagem enviada com sucesso...
2024-11-11 14:32:38,123 - INFO - Configurando o input
2024-11-11 14:32:53,630 - INFO - Buscando ofertas na faixa de 700000.0...
2024-11-11 14:33:06,965 - INFO - Oportunidade encontrada na faixa de 700000.0...
2024-11-11 14:33:10,729 - INFO - Carregando dados...
2024-11-11 14:33:10,730 - INFO - |- Abrindo tela
2024-11-11 14:33:10,731 - INFO - ====== WebDriver manager ======
2024-11-11 14:33:10,916 - INFO - Get LATEST chromedriver version for google-chrome
2024-11-11 14:33:10,977 - INFO - Get LATEST chromedriver version for google-chrome
2024-11-11 14:33:11,050 - INFO - Driver [/home/gabriel/.wdm/drivers/chromedriver/linux64/130.0.6723.116/chromedriver-linux64/chromedriver] found in cache
2024-11-11 14:33:13,089 - INFO - patching driver executable /home/gabriel/.local/share/undetected_chromedriver/undetected_chromedriver
2024-11-11 14:33:28,757 - INFO - Fazendo login no gmail...
2024-11-11 14:33:52,628 - INFO - Fazendo login no Mycotas...
2024-11-11 14:33:59,940 - INFO - Escolhendo o tipo de consorcio...
2024-11-11 14:34:04,107 - INFO - Configurando o input
2024-11-11 14:34:08,713 - INFO - Carregando dados...
2024-11-11 14:34:08,714 - INFO - |- Abrindo tela
2024-11-11 14:34:08,714 - INFO - ====== WebDriver manager ======
2024-11-11 14:34:08,864 - INFO - Get LATEST chromedriver version for google-chrome
2024-11-11 14:34:08,928 - INFO - Get LATEST chromedriver version for google-chrome
2024-11-11 14:34:09,013 - INFO - Driver [/home/gabriel/.wdm/drivers/chromedriver/linux64/130.0.6723.116/chromedriver-linux64/chromedriver] found in cache
2024-11-11 14:34:11,251 - INFO - patching driver executable /home/gabriel/.local/share/undetected_chromedriver/undetected_chromedriver
2024-11-11 14:34:27,459 - INFO - Fazendo login no gmail...
2024-11-11 14:34:50,429 - INFO - Fazendo login no Mycotas...
2024-11-11 14:34:57,627 - INFO - Escolhendo o tipo de consorcio...
2024-11-11 14:35:01,862 - INFO - Configurando o input
2024-11-11 14:35:07,282 - INFO - Buscando ofertas na faixa de 55000.0...
2024-11-11 14:35:24,993 - INFO - Oportunidade encontrada na faixa de 55000.0...
2024-11-11 14:35:39,519 - INFO - Mensagem enviada com sucesso...
2024-11-11 14:35:43,832 - INFO - Oportunidade encontrada na faixa de 55000.0...
2024-11-11 14:35:58,187 - INFO - Mensagem enviada com sucesso...
2024-11-11 14:36:02,430 - INFO - Configurando o input
2024-11-11 14:36:16,234 - INFO - Buscando ofertas na faixa de 95000.0...
2024-11-11 14:36:29,519 - INFO - Oportunidade encontrada na faixa de 95000.0...
2024-11-11 14:36:43,956 - INFO - Mensagem enviada com sucesso...
2024-11-11 14:36:46,153 - INFO - Enviando Email...
2024-11-11 14:37:02,175 - INFO - Oportunidade encontrada na faixa de 95000.0...
2024-11-11 14:37:16,548 - INFO - Mensagem enviada com sucesso...
2024-11-11 14:37:18,756 - INFO - Enviando Email...
2024-11-11 14:37:52,285 - INFO - Carregando dados...
2024-11-11 14:37:52,286 - INFO - |- Abrindo tela
2024-11-11 14:37:52,287 - INFO - ====== WebDriver manager ======
2024-11-11 14:37:52,441 - INFO - Get LATEST chromedriver version for google-chrome
2024-11-11 14:37:52,498 - INFO - Get LATEST chromedriver version for google-chrome
2024-11-11 14:37:52,559 - INFO - Driver [/home/gabriel/.wdm/drivers/chromedriver/linux64/130.0.6723.116/chromedriver-linux64/chromedriver] found in cache
2024-11-11 14:40:13,823 - INFO - Carregando dados...
2024-11-11 14:40:13,824 - INFO - |- Abrindo tela
2024-11-11 14:40:13,825 - INFO - ====== WebDriver manager ======
2024-11-11 14:40:13,959 - INFO - Get LATEST chromedriver version for google-chrome
2024-11-11 14:40:14,060 - INFO - Get LATEST chromedriver version for google-chrome
2024-11-11 14:40:14,119 - INFO - Driver [/home/gabriel/.wdm/drivers/chromedriver/linux64/130.0.6723.116/chromedriver-linux64/chromedriver] found in cache
2024-11-11 14:40:16,244 - INFO - patching driver executable /home/gabriel/.local/share/undetected_chromedriver/undetected_chromedriver
2024-11-11 14:40:31,458 - INFO - Fazendo login no gmail...
2024-11-11 14:40:55,381 - INFO - Fazendo login no Mycotas...
2024-11-11 14:41:02,353 - INFO - Escolhendo o tipo de consorcio...
2024-11-11 14:41:06,558 - INFO - Configurando o input
2024-11-11 14:41:11,884 - INFO - Buscando ofertas na faixa de 55000.0...
2024-11-11 14:41:29,555 - INFO - Oportunidade encontrada na faixa de 55000.0...
2024-11-11 14:41:45,085 - INFO - Mensagem enviada com sucesso...
2024-11-11 14:41:49,450 - INFO - Oportunidade encontrada na faixa de 55000.0...
2024-11-11 14:42:04,898 - INFO - Mensagem enviada com sucesso...
2024-11-11 14:42:09,138 - INFO - Configurando o input
2024-11-11 14:42:22,933 - INFO - Buscando ofertas na faixa de 95000.0...
2024-11-11 14:42:36,259 - INFO - Oportunidade encontrada na faixa de 95000.0...
2024-11-11 14:42:51,679 - INFO - Mensagem enviada com sucesso...
2024-11-11 14:42:58,090 - INFO - Oportunidade encontrada na faixa de 95000.0...
2024-11-11 14:43:13,449 - INFO - Mensagem enviada com sucesso...
2024-11-11 14:43:17,744 - INFO - Oportunidade encontrada na faixa de 95000.0...
2024-11-11 14:43:33,161 - INFO - Mensagem enviada com sucesso...
2024-11-11 14:43:35,341 - INFO - Enviando Email...
2024-11-11 14:43:49,628 - INFO - Oportunidade encontrada na faixa de 95000.0...
2024-11-11 14:44:04,992 - INFO - Mensagem enviada com sucesso...
2024-11-11 14:44:07,185 - INFO - Enviando Email...
2024-11-11 14:44:53,637 - INFO - Carregando dados...
2024-11-11 14:44:53,637 - INFO - |- Abrindo tela
2024-11-11 14:44:53,638 - INFO - ====== WebDriver manager ======
2024-11-11 14:44:53,776 - INFO - Get LATEST chromedriver version for google-chrome
2024-11-11 14:44:53,829 - INFO - Get LATEST chromedriver version for google-chrome
2024-11-11 14:44:53,877 - INFO - Driver [/home/gabriel/.wdm/drivers/chromedriver/linux64/130.0.6723.116/chromedriver-linux64/chromedriver] found in cache
2024-11-11 14:44:56,182 - INFO - patching driver executable /home/gabriel/.local/share/undetected_chromedriver/undetected_chromedriver
2024-11-11 14:45:11,135 - INFO - Fazendo login no gmail...
2024-11-11 14:45:34,857 - INFO - Fazendo login no Mycotas...
2024-11-11 14:45:41,781 - INFO - Escolhendo o tipo de consorcio...
2024-11-11 14:45:45,974 - INFO - Configurando o input
2024-11-11 14:45:51,339 - INFO - Buscando ofertas na faixa de 55000.0...
2024-11-11 14:46:09,200 - INFO - Oportunidade encontrada na faixa de 55000.0...
2024-11-11 14:46:24,632 - INFO - Mensagem enviada com sucesso...
2024-11-11 14:46:28,995 - INFO - Oportunidade encontrada na faixa de 55000.0...
2024-11-11 14:46:44,374 - INFO - Mensagem enviada com sucesso...
2024-11-11 14:46:48,647 - INFO - Configurando o input
2024-11-11 14:47:02,485 - INFO - Buscando ofertas na faixa de 95000.0...
2024-11-11 14:47:15,804 - INFO - Oportunidade encontrada na faixa de 95000.0...
2024-11-11 14:47:31,233 - INFO - Mensagem enviada com sucesso...
2024-11-11 14:47:37,655 - INFO - Oportunidade encontrada na faixa de 95000.0...
2024-11-11 14:47:56,032 - INFO - Mensagem enviada com sucesso...
2024-11-11 14:48:17,926 - INFO - Carregando dados...
2024-11-11 14:48:17,929 - INFO - |- Abrindo tela
2024-11-11 14:48:17,931 - INFO - ====== WebDriver manager ======
2024-11-11 14:48:18,081 - INFO - Get LATEST chromedriver version for google-chrome
2024-11-11 14:48:18,150 - INFO - Get LATEST chromedriver version for google-chrome
2024-11-11 14:48:18,209 - INFO - Driver [/home/gabriel/.wdm/drivers/chromedriver/linux64/130.0.6723.116/chromedriver-linux64/chromedriver] found in cache
2024-11-11 14:48:20,319 - INFO - patching driver executable /home/gabriel/.local/share/undetected_chromedriver/undetected_chromedriver
2024-11-11 14:48:35,725 - INFO - Fazendo login no gmail...
2024-11-11 14:48:59,466 - INFO - Fazendo login no Mycotas...
2024-11-11 14:49:06,588 - INFO - Escolhendo o tipo de consorcio...
2024-11-11 14:49:10,777 - INFO - Configurando o input
2024-11-11 14:49:16,103 - INFO - Buscando ofertas na faixa de 55000.0...
2024-11-11 14:49:33,969 - INFO - Oportunidade encontrada na faixa de 55000.0...
2024-11-11 14:49:49,562 - INFO - Mensagem enviada com sucesso...
2024-11-11 14:49:53,886 - INFO - Oportunidade encontrada na faixa de 55000.0...
2024-11-11 14:50:09,354 - INFO - Mensagem enviada com sucesso...
2024-11-11 14:50:13,631 - INFO - Configurando o input
2024-11-11 14:50:27,456 - INFO - Buscando ofertas na faixa de 95000.0...
2024-11-11 14:50:40,764 - INFO - Oportunidade encontrada na faixa de 95000.0...
2024-11-11 14:50:56,180 - INFO - Mensagem enviada com sucesso...
2024-11-11 14:51:02,579 - INFO - Oportunidade encontrada na faixa de 95000.0...
2024-11-11 14:51:18,019 - INFO - Mensagem enviada com sucesso...
2024-11-11 14:51:22,383 - INFO - Oportunidade encontrada na faixa de 95000.0...
2024-11-11 14:51:37,849 - INFO - Mensagem enviada com sucesso...
2024-11-11 14:51:42,160 - INFO - Oportunidade encontrada na faixa de 95000.0...
2024-11-11 14:51:57,568 - INFO - Mensagem enviada com sucesso...
2024-11-11 14:52:01,873 - INFO - Oportunidade encontrada na faixa de 95000.0...
2024-11-11 14:52:18,173 - INFO - Mensagem enviada com sucesso...
2024-11-11 14:52:20,363 - INFO - Enviando Email...
2024-11-11 14:55:09,566 - INFO - Carregando dados...
2024-11-11 14:55:09,566 - INFO - |- Abrindo tela
2024-11-11 14:55:09,567 - INFO - ====== WebDriver manager ======
2024-11-11 14:55:09,716 - INFO - Get LATEST chromedriver version for google-chrome
2024-11-11 14:55:09,771 - INFO - Get LATEST chromedriver version for google-chrome
2024-11-11 14:55:09,822 - INFO - Driver [/home/gabriel/.wdm/drivers/chromedriver/linux64/130.0.6723.116/chromedriver-linux64/chromedriver] found in cache
2024-11-11 14:55:11,806 - INFO - patching driver executable /home/gabriel/.local/share/undetected_chromedriver/undetected_chromedriver
2024-11-11 14:55:21,847 - INFO - Carregando dados...
2024-11-11 14:55:21,848 - INFO - |- Abrindo tela
2024-11-11 14:55:21,848 - INFO - ====== WebDriver manager ======
2024-11-11 14:55:21,986 - INFO - Get LATEST chromedriver version for google-chrome
2024-11-11 14:55:22,037 - INFO - Get LATEST chromedriver version for google-chrome
2024-11-11 14:55:22,091 - INFO - Driver [/home/gabriel/.wdm/drivers/chromedriver/linux64/130.0.6723.116/chromedriver-linux64/chromedriver] found in cache
2024-11-11 14:55:24,313 - INFO - patching driver executable /home/gabriel/.local/share/undetected_chromedriver/undetected_chromedriver
2024-11-11 14:55:38,845 - INFO - Fazendo login no gmail...
2024-11-11 14:56:01,062 - INFO - Fazendo login no Mycotas...
2024-11-11 14:56:07,646 - INFO - Escolhendo o tipo de consorcio...
2024-11-11 14:56:11,765 - INFO - Configurando o input
2024-11-11 14:56:16,901 - INFO - Buscando ofertas na faixa de 55000.0...
2024-11-11 14:56:34,376 - INFO - Oportunidade encontrada na faixa de 55000.0...
2024-11-11 14:56:49,545 - INFO - Mensagem enviada com sucesso...
2024-11-11 14:56:53,702 - INFO - Oportunidade encontrada na faixa de 55000.0...
2024-11-11 14:57:08,701 - INFO - Mensagem enviada com sucesso...
2024-11-11 14:57:12,820 - INFO - Configurando o input
2024-11-11 14:57:26,477 - INFO - Buscando ofertas na faixa de 95000.0...
2024-11-11 14:57:39,674 - INFO - Oportunidade encontrada na faixa de 95000.0...
2024-11-11 14:57:54,701 - INFO - Mensagem enviada com sucesso...
2024-11-11 14:58:00,940 - INFO - Oportunidade encontrada na faixa de 95000.0...
2024-11-11 14:58:15,940 - INFO - Mensagem enviada com sucesso...
2024-11-11 14:58:20,054 - INFO - Oportunidade encontrada na faixa de 95000.0...
2024-11-11 14:58:35,030 - INFO - Mensagem enviada com sucesso...
2024-11-11 14:58:39,134 - INFO - Oportunidade encontrada na faixa de 95000.0...
2024-11-11 14:58:54,022 - INFO - Mensagem enviada com sucesso...
2024-11-11 14:58:58,170 - INFO - Oportunidade encontrada na faixa de 95000.0...
2024-11-11 14:59:13,157 - INFO - Mensagem enviada com sucesso...
2024-11-11 14:59:17,296 - INFO - Oportunidade encontrada na faixa de 95000.0...
2024-11-11 14:59:32,265 - INFO - Mensagem enviada com sucesso...
2024-11-11 14:59:34,330 - INFO - Enviando Email...
2024-11-11 14:59:47,999 - INFO - Carregando dados...
2024-11-11 14:59:47,999 - INFO - |- Abrindo tela
2024-11-11 14:59:48,000 - INFO - ====== WebDriver manager ======
2024-11-11 14:59:48,136 - INFO - Get LATEST chromedriver version for google-chrome
2024-11-11 14:59:48,188 - INFO - Get LATEST chromedriver version for google-chrome
2024-11-11 14:59:48,237 - INFO - Driver [/home/gabriel/.wdm/drivers/chromedriver/linux64/130.0.6723.116/chromedriver-linux64/chromedriver] found in cache
2024-11-11 14:59:50,220 - INFO - patching driver executable /home/gabriel/.local/share/undetected_chromedriver/undetected_chromedriver
2024-11-11 15:00:04,860 - INFO - Fazendo login no gmail...
2024-11-11 15:00:26,367 - INFO - Fazendo login no Mycotas...
2024-11-11 15:00:32,940 - INFO - Escolhendo o tipo de consorcio...
2024-11-11 15:00:37,057 - INFO - Configurando o input
2024-11-11 15:00:42,259 - INFO - Buscando ofertas na faixa de 55000.0...
2024-11-11 15:00:59,689 - INFO - Oportunidade encontrada na faixa de 55000.0...
2024-11-11 15:01:14,819 - INFO - Mensagem enviada com sucesso...
2024-11-11 15:01:19,007 - INFO - Oportunidade encontrada na faixa de 55000.0...
2024-11-11 15:01:34,101 - INFO - Mensagem enviada com sucesso...
2024-11-11 15:01:38,318 - INFO - Configurando o input
2024-11-11 15:01:52,043 - INFO - Buscando ofertas na faixa de 95000.0...
2024-11-11 15:02:05,241 - INFO - Oportunidade encontrada na faixa de 95000.0...
2024-11-11 15:02:20,224 - INFO - Mensagem enviada com sucesso...
2024-11-11 15:02:26,415 - INFO - Oportunidade encontrada na faixa de 95000.0...
2024-11-11 15:02:41,417 - INFO - Mensagem enviada com sucesso...
2024-11-11 15:02:45,550 - INFO - Oportunidade encontrada na faixa de 95000.0...
2024-11-11 15:03:00,544 - INFO - Mensagem enviada com sucesso...
2024-11-11 15:03:04,703 - INFO - Oportunidade encontrada na faixa de 95000.0...
2024-11-11 15:03:19,662 - INFO - Mensagem enviada com sucesso...
2024-11-11 15:03:23,832 - INFO - Oportunidade encontrada na faixa de 95000.0...
2024-11-11 15:03:38,809 - INFO - Mensagem enviada com sucesso...
2024-11-11 15:03:42,971 - INFO - Oportunidade encontrada na faixa de 95000.0...
2024-11-11 15:03:57,966 - INFO - Mensagem enviada com sucesso...
2024-11-11 15:04:02,117 - INFO - Oportunidade encontrada na faixa de 95000.0...
2024-11-11 15:04:17,082 - INFO - Mensagem enviada com sucesso...
2024-11-11 15:04:21,240 - INFO - Oportunidade encontrada na faixa de 95000.0...
2024-11-11 15:04:36,275 - INFO - Mensagem enviada com sucesso...
2024-11-11 15:04:40,414 - INFO - Oportunidade encontrada na faixa de 95000.0...
2024-11-11 15:04:55,386 - INFO - Mensagem enviada com sucesso...
2024-11-11 15:04:59,562 - INFO - Oportunidade encontrada na faixa de 95000.0...
2024-11-11 15:05:14,603 - INFO - Mensagem enviada com sucesso...
2024-11-11 15:05:16,668 - INFO - Enviando Email...
2024-11-11 15:06:05,453 - ERROR - Erro ao enviar mensagem: Message: no such window: target window already closed
from unknown error: web view not found
  (Session info: chrome=130.0.6723.91)
Stacktrace:
#0 0x5f1ed71ab6da <unknown>
#1 0x5f1ed6cbff80 <unknown>
#2 0x5f1ed6c962ef <unknown>
#3 0x5f1ed6d38eed <unknown>
#4 0x5f1ed6d4ef49 <unknown>
#5 0x5f1ed6d30953 <unknown>
#6 0x5f1ed6cff72e <unknown>
#7 0x5f1ed6d0079e <unknown>
#8 0x5f1ed7176f1b <unknown>
#9 0x5f1ed717aeb8 <unknown>
#10 0x5f1ed716442c <unknown>
#11 0x5f1ed717ba37 <unknown>
#12 0x5f1ed7148fef <unknown>
#13 0x5f1ed7199ad8 <unknown>
#14 0x5f1ed7199ca0 <unknown>
#15 0x5f1ed71aa556 <unknown>
#16 0x76f8f409ca94 <unknown>
#17 0x76f8f4129c3c <unknown>

2024-11-11 15:06:05,459 - ERROR - Traceback: Traceback (most recent call last):
  File "/home/gabriel/Códigos/Códigos  python/BotMycotas/main.py", line 275, in mensagem_gmail
    self.driver.find_element(By.CSS_SELECTOR, '.agP.aFw').click()
    ^^^^^^^^^^^^^^^^^^^^^^^^^^^^^^^^^^^^^^^^^^^^^^^^^^^^^
  File "/home/gabriel/Códigos/Códigos  python/BotMycotas/env/lib/python3.12/site-packages/selenium/webdriver/remote/webdriver.py", line 748, in find_element
    return self.execute(Command.FIND_ELEMENT, {"using": by, "value": value})["value"]
           ^^^^^^^^^^^^^^^^^^^^^^^^^^^^^^^^^^^^^^^^^^^^^^^^^^^^^^^^^^^^^^^^^
  File "/home/gabriel/Códigos/Códigos  python/BotMycotas/env/lib/python3.12/site-packages/selenium/webdriver/remote/webdriver.py", line 354, in execute
    self.error_handler.check_response(response)
  File "/home/gabriel/Códigos/Códigos  python/BotMycotas/env/lib/python3.12/site-packages/selenium/webdriver/remote/errorhandler.py", line 229, in check_response
    raise exception_class(message, screen, stacktrace)
selenium.common.exceptions.NoSuchWindowException: Message: no such window: target window already closed
from unknown error: web view not found
  (Session info: chrome=130.0.6723.91)
Stacktrace:
#0 0x5f1ed71ab6da <unknown>
#1 0x5f1ed6cbff80 <unknown>
#2 0x5f1ed6c962ef <unknown>
#3 0x5f1ed6d38eed <unknown>
#4 0x5f1ed6d4ef49 <unknown>
#5 0x5f1ed6d30953 <unknown>
#6 0x5f1ed6cff72e <unknown>
#7 0x5f1ed6d0079e <unknown>
#8 0x5f1ed7176f1b <unknown>
#9 0x5f1ed717aeb8 <unknown>
#10 0x5f1ed716442c <unknown>
#11 0x5f1ed717ba37 <unknown>
#12 0x5f1ed7148fef <unknown>
#13 0x5f1ed7199ad8 <unknown>
#14 0x5f1ed7199ca0 <unknown>
#15 0x5f1ed71aa556 <unknown>
#16 0x76f8f409ca94 <unknown>
#17 0x76f8f4129c3c <unknown>


2024-11-11 15:06:10,007 - ERROR - Erro ao enviar email: Erro ao enviar mensagem
2024-11-11 15:06:10,012 - ERROR - Traceback (most recent call last):
  File "/home/gabriel/Códigos/Códigos  python/BotMycotas/main.py", line 275, in mensagem_gmail
    self.driver.find_element(By.CSS_SELECTOR, '.agP.aFw').click()
    ^^^^^^^^^^^^^^^^^^^^^^^^^^^^^^^^^^^^^^^^^^^^^^^^^^^^^
  File "/home/gabriel/Códigos/Códigos  python/BotMycotas/env/lib/python3.12/site-packages/selenium/webdriver/remote/webdriver.py", line 748, in find_element
    return self.execute(Command.FIND_ELEMENT, {"using": by, "value": value})["value"]
           ^^^^^^^^^^^^^^^^^^^^^^^^^^^^^^^^^^^^^^^^^^^^^^^^^^^^^^^^^^^^^^^^^
  File "/home/gabriel/Códigos/Códigos  python/BotMycotas/env/lib/python3.12/site-packages/selenium/webdriver/remote/webdriver.py", line 354, in execute
    self.error_handler.check_response(response)
  File "/home/gabriel/Códigos/Códigos  python/BotMycotas/env/lib/python3.12/site-packages/selenium/webdriver/remote/errorhandler.py", line 229, in check_response
    raise exception_class(message, screen, stacktrace)
selenium.common.exceptions.NoSuchWindowException: Message: no such window: target window already closed
from unknown error: web view not found
  (Session info: chrome=130.0.6723.91)
Stacktrace:
#0 0x5f1ed71ab6da <unknown>
#1 0x5f1ed6cbff80 <unknown>
#2 0x5f1ed6c962ef <unknown>
#3 0x5f1ed6d38eed <unknown>
#4 0x5f1ed6d4ef49 <unknown>
#5 0x5f1ed6d30953 <unknown>
#6 0x5f1ed6cff72e <unknown>
#7 0x5f1ed6d0079e <unknown>
#8 0x5f1ed7176f1b <unknown>
#9 0x5f1ed717aeb8 <unknown>
#10 0x5f1ed716442c <unknown>
#11 0x5f1ed717ba37 <unknown>
#12 0x5f1ed7148fef <unknown>
#13 0x5f1ed7199ad8 <unknown>
#14 0x5f1ed7199ca0 <unknown>
#15 0x5f1ed71aa556 <unknown>
#16 0x76f8f409ca94 <unknown>
#17 0x76f8f4129c3c <unknown>


During handling of the above exception, another exception occurred:

Traceback (most recent call last):
  File "/home/gabriel/Códigos/Códigos  python/BotMycotas/main.py", line 234, in buscar_oferta
    self.mensagem_gmail()
  File "/home/gabriel/Códigos/Códigos  python/BotMycotas/main.py", line 292, in mensagem_gmail
    raise Exception('Erro ao enviar mensagem')
Exception: Erro ao enviar mensagem

2024-11-11 15:06:18,331 - INFO - Carregando dados...
2024-11-11 15:06:18,332 - INFO - |- Abrindo tela
2024-11-11 15:06:18,333 - INFO - ====== WebDriver manager ======
2024-11-11 15:06:18,466 - INFO - Get LATEST chromedriver version for google-chrome
2024-11-11 15:06:18,627 - INFO - Get LATEST chromedriver version for google-chrome
2024-11-11 15:06:18,688 - INFO - Driver [/home/gabriel/.wdm/drivers/chromedriver/linux64/130.0.6723.116/chromedriver-linux64/chromedriver] found in cache
2024-11-11 15:06:20,683 - INFO - patching driver executable /home/gabriel/.local/share/undetected_chromedriver/undetected_chromedriver
2024-11-11 15:06:35,017 - INFO - Fazendo login no gmail...
2024-11-11 15:06:57,547 - INFO - Fazendo login no Mycotas...
2024-11-11 15:07:04,172 - INFO - Escolhendo o tipo de consorcio...
2024-11-11 15:07:08,289 - INFO - Configurando o input
2024-11-11 15:07:13,470 - INFO - Buscando ofertas na faixa de 55000.0...
2024-11-11 15:07:30,968 - INFO - Oportunidade encontrada na faixa de 55000.0...
2024-11-11 15:07:46,069 - INFO - Mensagem enviada com sucesso...
2024-11-11 15:07:50,234 - INFO - Oportunidade encontrada na faixa de 55000.0...
2024-11-11 15:08:05,224 - INFO - Mensagem enviada com sucesso...
2024-11-11 15:08:09,336 - INFO - Configurando o input
2024-11-11 15:08:23,095 - INFO - Buscando ofertas na faixa de 95000.0...
2024-11-11 15:08:36,227 - INFO - Oportunidade encontrada na faixa de 95000.0...
2024-11-11 15:08:51,237 - INFO - Mensagem enviada com sucesso...
2024-11-11 15:08:57,479 - INFO - Oportunidade encontrada na faixa de 95000.0...
2024-11-11 15:09:12,464 - INFO - Mensagem enviada com sucesso...
2024-11-11 15:09:16,615 - INFO - Oportunidade encontrada na faixa de 95000.0...
2024-11-11 15:09:31,586 - INFO - Mensagem enviada com sucesso...
2024-11-11 15:09:35,738 - INFO - Oportunidade encontrada na faixa de 95000.0...
2024-11-11 15:09:50,758 - INFO - Mensagem enviada com sucesso...
2024-11-11 15:09:54,907 - INFO - Oportunidade encontrada na faixa de 95000.0...
2024-11-11 15:10:09,847 - INFO - Mensagem enviada com sucesso...
2024-11-11 15:10:13,992 - INFO - Oportunidade encontrada na faixa de 95000.0...
2024-11-11 15:10:28,937 - INFO - Mensagem enviada com sucesso...
2024-11-11 15:10:33,075 - INFO - Oportunidade encontrada na faixa de 95000.0...
2024-11-11 15:10:48,082 - INFO - Mensagem enviada com sucesso...
2024-11-11 15:10:52,233 - INFO - Oportunidade encontrada na faixa de 95000.0...
2024-11-11 15:11:07,181 - INFO - Mensagem enviada com sucesso...
2024-11-11 15:11:11,325 - INFO - Oportunidade encontrada na faixa de 95000.0...
2024-11-11 15:11:26,332 - INFO - Mensagem enviada com sucesso...
2024-11-11 15:11:30,484 - INFO - Oportunidade encontrada na faixa de 95000.0...
2024-11-11 15:11:45,534 - INFO - Mensagem enviada com sucesso...
2024-11-11 15:11:49,686 - INFO - Oportunidade encontrada na faixa de 95000.0...
2024-11-11 15:12:04,675 - INFO - Mensagem enviada com sucesso...
2024-11-11 15:12:08,802 - INFO - Configurando o input
2024-11-11 15:12:22,538 - INFO - Buscando ofertas na faixa de 135000.0...
2024-11-11 15:12:35,775 - INFO - Oportunidade encontrada na faixa de 135000.0...
2024-11-11 15:12:50,771 - INFO - Mensagem enviada com sucesso...
2024-11-11 15:12:54,930 - INFO - Oportunidade encontrada na faixa de 135000.0...
2024-11-11 15:13:09,831 - INFO - Mensagem enviada com sucesso...
2024-11-11 15:13:11,902 - INFO - Enviando Email...
2024-11-11 15:13:24,614 - INFO - Oportunidade encontrada na faixa de 135000.0...
2024-11-11 15:13:39,529 - INFO - Mensagem enviada com sucesso...
2024-11-11 15:13:43,686 - INFO - Oportunidade encontrada na faixa de 135000.0...
2024-11-11 15:13:58,660 - INFO - Mensagem enviada com sucesso...
2024-11-11 15:14:00,726 - INFO - Enviando Email...
2024-11-11 15:14:12,868 - INFO - Oportunidade encontrada na faixa de 135000.0...
2024-11-11 15:14:27,730 - INFO - Mensagem enviada com sucesso...
2024-11-11 15:14:29,793 - INFO - Enviando Email...
2024-11-11 15:14:41,692 - INFO - Oportunidade encontrada na faixa de 135000.0...
2024-11-11 15:14:56,593 - INFO - Mensagem enviada com sucesso...
2024-11-11 15:15:00,776 - INFO - Oportunidade encontrada na faixa de 135000.0...
2024-11-11 15:15:15,969 - INFO - Mensagem enviada com sucesso...
2024-11-11 15:15:18,056 - INFO - Enviando Email...
2024-11-11 15:15:30,238 - INFO - Oportunidade encontrada na faixa de 135000.0...
2024-11-11 15:15:45,089 - INFO - Mensagem enviada com sucesso...
2024-11-11 15:15:49,212 - INFO - Oportunidade encontrada na faixa de 135000.0...
2024-11-11 15:16:04,135 - INFO - Mensagem enviada com sucesso...
2024-11-11 15:16:06,207 - INFO - Enviando Email...
2024-11-11 15:16:18,101 - INFO - Oportunidade encontrada na faixa de 135000.0...
2024-11-11 15:16:32,987 - INFO - Mensagem enviada com sucesso...
2024-11-11 15:16:35,047 - INFO - Enviando Email...
2024-11-11 15:16:57,794 - INFO - Carregando dados...
2024-11-11 15:16:57,795 - INFO - |- Abrindo tela
2024-11-11 15:16:57,796 - INFO - ====== WebDriver manager ======
2024-11-11 15:16:57,929 - INFO - Get LATEST chromedriver version for google-chrome
2024-11-11 15:16:57,983 - INFO - Get LATEST chromedriver version for google-chrome
2024-11-11 15:16:58,040 - INFO - Driver [/home/gabriel/.wdm/drivers/chromedriver/linux64/130.0.6723.116/chromedriver-linux64/chromedriver] found in cache
2024-11-11 15:17:00,022 - INFO - patching driver executable /home/gabriel/.local/share/undetected_chromedriver/undetected_chromedriver
2024-11-11 15:17:14,135 - INFO - Fazendo login no gmail...
2024-11-11 15:17:36,358 - INFO - Fazendo login no Mycotas...
2024-11-11 15:17:42,768 - INFO - Escolhendo o tipo de consorcio...
2024-11-11 15:17:46,888 - INFO - Configurando o input
2024-11-11 15:17:52,144 - INFO - Buscando ofertas na faixa de 55000.0...
2024-11-11 15:18:09,566 - INFO - Oportunidade encontrada na faixa de 55000.0...
2024-11-11 15:18:26,130 - INFO - Mensagem enviada com sucesso...
2024-11-11 15:18:30,375 - INFO - Oportunidade encontrada na faixa de 55000.0...
2024-11-11 15:18:46,376 - INFO - Mensagem enviada com sucesso...
2024-11-11 15:18:50,491 - INFO - Configurando o input
2024-11-11 15:19:04,328 - INFO - Buscando ofertas na faixa de 465000.0...
2024-11-11 15:19:17,596 - INFO - Oportunidade encontrada na faixa de 465000.0...
2024-11-11 15:19:33,590 - INFO - Mensagem enviada com sucesso...
2024-11-11 15:19:37,702 - INFO - Configurando o input
2024-11-11 15:19:51,461 - INFO - Buscando ofertas na faixa de 635000.0...
2024-11-11 15:20:04,665 - INFO - Oportunidade encontrada na faixa de 635000.0...
2024-11-11 15:20:20,651 - INFO - Mensagem enviada com sucesso...
2024-11-11 15:20:24,752 - INFO - Configurando o input
2024-11-11 15:20:38,424 - INFO - Buscando ofertas na faixa de 675000.0...
2024-11-11 15:20:51,657 - INFO - Oportunidade encontrada na faixa de 675000.0...
2024-11-11 15:21:10,737 - INFO - Mensagem enviada com sucesso...
2024-11-11 15:21:22,917 - ERROR - Erro ao aumentar o input: an integer is required
2024-11-11 15:21:22,932 - ERROR - Traceback: Traceback (most recent call last):
  File "/home/gabriel/Códigos/Códigos  python/BotMycotas/main.py", line 170, in config_input_cima
    self.buscar_oferta()
  File "/home/gabriel/Códigos/Códigos  python/BotMycotas/main.py", line 193, in buscar_oferta
    for linha in linhas:
  File "<stringsource>", line 69, in cfunc.to_py.__Pyx_CFunc_7f6725__29_pydevd_sys_monitoring_cython_object__lParen__etc_to_py_4code_11from_offset_9to_offset.wrap
  File "_pydevd_sys_monitoring\\_pydevd_sys_monitoring_cython.pyx", line 1367, in _pydevd_sys_monitoring_cython._jump_event
TypeError: an integer is required

2024-11-11 15:21:24,300 - ERROR - Erro no processo de buscar oferta: Erro ao configurar o input para cima
2024-11-11 15:21:24,303 - ERROR - Traceback: Traceback (most recent call last):
  File "/home/gabriel/Códigos/Códigos  python/BotMycotas/main.py", line 170, in config_input_cima
    self.buscar_oferta()
  File "/home/gabriel/Códigos/Códigos  python/BotMycotas/main.py", line 193, in buscar_oferta
    for linha in linhas:
  File "<stringsource>", line 69, in cfunc.to_py.__Pyx_CFunc_7f6725__29_pydevd_sys_monitoring_cython_object__lParen__etc_to_py_4code_11from_offset_9to_offset.wrap
  File "_pydevd_sys_monitoring\\_pydevd_sys_monitoring_cython.pyx", line 1367, in _pydevd_sys_monitoring_cython._jump_event
TypeError: an integer is required

During handling of the above exception, another exception occurred:

Traceback (most recent call last):
  File "/home/gabriel/Códigos/Códigos  python/BotMycotas/main.py", line 252, in buscar_oferta
    self.config_input_cima()
  File "/home/gabriel/Códigos/Códigos  python/BotMycotas/main.py", line 174, in config_input_cima
    raise Exception('Erro ao configurar o input para cima')
Exception: Erro ao configurar o input para cima

2024-11-11 15:21:25,579 - ERROR - Erro ao aumentar o input: Erro no processo de buscar oferta
2024-11-11 15:21:25,587 - ERROR - Traceback: Traceback (most recent call last):
  File "/home/gabriel/Códigos/Códigos  python/BotMycotas/main.py", line 170, in config_input_cima
    self.buscar_oferta()
  File "/home/gabriel/Códigos/Códigos  python/BotMycotas/main.py", line 193, in buscar_oferta
    for linha in linhas:
  File "<stringsource>", line 69, in cfunc.to_py.__Pyx_CFunc_7f6725__29_pydevd_sys_monitoring_cython_object__lParen__etc_to_py_4code_11from_offset_9to_offset.wrap
  File "_pydevd_sys_monitoring\\_pydevd_sys_monitoring_cython.pyx", line 1367, in _pydevd_sys_monitoring_cython._jump_event
TypeError: an integer is required

During handling of the above exception, another exception occurred:

Traceback (most recent call last):
  File "/home/gabriel/Códigos/Códigos  python/BotMycotas/main.py", line 252, in buscar_oferta
    self.config_input_cima()
  File "/home/gabriel/Códigos/Códigos  python/BotMycotas/main.py", line 174, in config_input_cima
    raise Exception('Erro ao configurar o input para cima')
Exception: Erro ao configurar o input para cima

During handling of the above exception, another exception occurred:

Traceback (most recent call last):
  File "/home/gabriel/Códigos/Códigos  python/BotMycotas/main.py", line 170, in config_input_cima
    self.buscar_oferta()
  File "/home/gabriel/Códigos/Códigos  python/BotMycotas/main.py", line 256, in buscar_oferta
    raise Exception('Erro no processo de buscar oferta')
Exception: Erro no processo de buscar oferta

2024-11-11 15:21:26,703 - ERROR - Erro no processo de buscar oferta: Erro ao configurar o input para cima
2024-11-11 15:21:26,707 - ERROR - Traceback: Traceback (most recent call last):
  File "/home/gabriel/Códigos/Códigos  python/BotMycotas/main.py", line 170, in config_input_cima
    self.buscar_oferta()
  File "/home/gabriel/Códigos/Códigos  python/BotMycotas/main.py", line 193, in buscar_oferta
    for linha in linhas:
  File "<stringsource>", line 69, in cfunc.to_py.__Pyx_CFunc_7f6725__29_pydevd_sys_monitoring_cython_object__lParen__etc_to_py_4code_11from_offset_9to_offset.wrap
  File "_pydevd_sys_monitoring\\_pydevd_sys_monitoring_cython.pyx", line 1367, in _pydevd_sys_monitoring_cython._jump_event
TypeError: an integer is required

During handling of the above exception, another exception occurred:

Traceback (most recent call last):
  File "/home/gabriel/Códigos/Códigos  python/BotMycotas/main.py", line 252, in buscar_oferta
    self.config_input_cima()
  File "/home/gabriel/Códigos/Códigos  python/BotMycotas/main.py", line 174, in config_input_cima
    raise Exception('Erro ao configurar o input para cima')
Exception: Erro ao configurar o input para cima

During handling of the above exception, another exception occurred:

Traceback (most recent call last):
  File "/home/gabriel/Códigos/Códigos  python/BotMycotas/main.py", line 170, in config_input_cima
    self.buscar_oferta()
  File "/home/gabriel/Códigos/Códigos  python/BotMycotas/main.py", line 256, in buscar_oferta
    raise Exception('Erro no processo de buscar oferta')
Exception: Erro no processo de buscar oferta

During handling of the above exception, another exception occurred:

Traceback (most recent call last):
  File "/home/gabriel/Códigos/Códigos  python/BotMycotas/main.py", line 252, in buscar_oferta
    self.config_input_cima()
  File "/home/gabriel/Códigos/Códigos  python/BotMycotas/main.py", line 174, in config_input_cima
    raise Exception('Erro ao configurar o input para cima')
Exception: Erro ao configurar o input para cima

2024-11-11 15:21:27,925 - ERROR - Erro ao aumentar o input: Erro no processo de buscar oferta
2024-11-11 15:21:27,933 - ERROR - Traceback: Traceback (most recent call last):
  File "/home/gabriel/Códigos/Códigos  python/BotMycotas/main.py", line 170, in config_input_cima
    self.buscar_oferta()
  File "/home/gabriel/Códigos/Códigos  python/BotMycotas/main.py", line 193, in buscar_oferta
    for linha in linhas:
  File "<stringsource>", line 69, in cfunc.to_py.__Pyx_CFunc_7f6725__29_pydevd_sys_monitoring_cython_object__lParen__etc_to_py_4code_11from_offset_9to_offset.wrap
  File "_pydevd_sys_monitoring\\_pydevd_sys_monitoring_cython.pyx", line 1367, in _pydevd_sys_monitoring_cython._jump_event
TypeError: an integer is required

During handling of the above exception, another exception occurred:

Traceback (most recent call last):
  File "/home/gabriel/Códigos/Códigos  python/BotMycotas/main.py", line 252, in buscar_oferta
    self.config_input_cima()
  File "/home/gabriel/Códigos/Códigos  python/BotMycotas/main.py", line 174, in config_input_cima
    raise Exception('Erro ao configurar o input para cima')
Exception: Erro ao configurar o input para cima

During handling of the above exception, another exception occurred:

Traceback (most recent call last):
  File "/home/gabriel/Códigos/Códigos  python/BotMycotas/main.py", line 170, in config_input_cima
    self.buscar_oferta()
  File "/home/gabriel/Códigos/Códigos  python/BotMycotas/main.py", line 256, in buscar_oferta
    raise Exception('Erro no processo de buscar oferta')
Exception: Erro no processo de buscar oferta

During handling of the above exception, another exception occurred:

Traceback (most recent call last):
  File "/home/gabriel/Códigos/Códigos  python/BotMycotas/main.py", line 252, in buscar_oferta
    self.config_input_cima()
  File "/home/gabriel/Códigos/Códigos  python/BotMycotas/main.py", line 174, in config_input_cima
    raise Exception('Erro ao configurar o input para cima')
Exception: Erro ao configurar o input para cima

During handling of the above exception, another exception occurred:

Traceback (most recent call last):
  File "/home/gabriel/Códigos/Códigos  python/BotMycotas/main.py", line 170, in config_input_cima
    self.buscar_oferta()
  File "/home/gabriel/Códigos/Códigos  python/BotMycotas/main.py", line 256, in buscar_oferta
    raise Exception('Erro no processo de buscar oferta')
Exception: Erro no processo de buscar oferta

2024-11-11 15:21:35,695 - ERROR - Erro no processo de buscar oferta: Erro ao configurar o input para cima
2024-11-11 15:21:35,705 - ERROR - Traceback: Traceback (most recent call last):
  File "/home/gabriel/Códigos/Códigos  python/BotMycotas/main.py", line 170, in config_input_cima
    self.buscar_oferta()
  File "/home/gabriel/Códigos/Códigos  python/BotMycotas/main.py", line 193, in buscar_oferta
    for linha in linhas:
  File "<stringsource>", line 69, in cfunc.to_py.__Pyx_CFunc_7f6725__29_pydevd_sys_monitoring_cython_object__lParen__etc_to_py_4code_11from_offset_9to_offset.wrap
  File "_pydevd_sys_monitoring\\_pydevd_sys_monitoring_cython.pyx", line 1367, in _pydevd_sys_monitoring_cython._jump_event
TypeError: an integer is required

During handling of the above exception, another exception occurred:

Traceback (most recent call last):
  File "/home/gabriel/Códigos/Códigos  python/BotMycotas/main.py", line 252, in buscar_oferta
    self.config_input_cima()
  File "/home/gabriel/Códigos/Códigos  python/BotMycotas/main.py", line 174, in config_input_cima
    raise Exception('Erro ao configurar o input para cima')
Exception: Erro ao configurar o input para cima

During handling of the above exception, another exception occurred:

Traceback (most recent call last):
  File "/home/gabriel/Códigos/Códigos  python/BotMycotas/main.py", line 170, in config_input_cima
    self.buscar_oferta()
  File "/home/gabriel/Códigos/Códigos  python/BotMycotas/main.py", line 256, in buscar_oferta
    raise Exception('Erro no processo de buscar oferta')
Exception: Erro no processo de buscar oferta

During handling of the above exception, another exception occurred:

Traceback (most recent call last):
  File "/home/gabriel/Códigos/Códigos  python/BotMycotas/main.py", line 252, in buscar_oferta
    self.config_input_cima()
  File "/home/gabriel/Códigos/Códigos  python/BotMycotas/main.py", line 174, in config_input_cima
    raise Exception('Erro ao configurar o input para cima')
Exception: Erro ao configurar o input para cima

During handling of the above exception, another exception occurred:

Traceback (most recent call last):
  File "/home/gabriel/Códigos/Códigos  python/BotMycotas/main.py", line 170, in config_input_cima
    self.buscar_oferta()
  File "/home/gabriel/Códigos/Códigos  python/BotMycotas/main.py", line 256, in buscar_oferta
    raise Exception('Erro no processo de buscar oferta')
Exception: Erro no processo de buscar oferta

During handling of the above exception, another exception occurred:

Traceback (most recent call last):
  File "/home/gabriel/Códigos/Códigos  python/BotMycotas/main.py", line 252, in buscar_oferta
    self.config_input_cima()
  File "/home/gabriel/Códigos/Códigos  python/BotMycotas/main.py", line 174, in config_input_cima
    raise Exception('Erro ao configurar o input para cima')
Exception: Erro ao configurar o input para cima

2024-11-11 15:22:16,273 - INFO - Carregando dados...
2024-11-11 15:22:16,276 - INFO - |- Abrindo tela
2024-11-11 15:22:16,278 - INFO - ====== WebDriver manager ======
2024-11-11 15:22:16,422 - INFO - Get LATEST chromedriver version for google-chrome
2024-11-11 15:22:16,488 - INFO - Get LATEST chromedriver version for google-chrome
2024-11-11 15:22:16,537 - INFO - Driver [/home/gabriel/.wdm/drivers/chromedriver/linux64/130.0.6723.116/chromedriver-linux64/chromedriver] found in cache
2024-11-11 15:22:18,435 - INFO - patching driver executable /home/gabriel/.local/share/undetected_chromedriver/undetected_chromedriver
2024-11-11 15:22:32,409 - INFO - Fazendo login no gmail...
2024-11-11 15:22:54,840 - INFO - Fazendo login no Mycotas...
2024-11-11 15:23:01,304 - INFO - Escolhendo o tipo de consorcio...
2024-11-11 15:23:05,416 - INFO - Configurando o input
2024-11-11 15:23:10,640 - INFO - Buscando ofertas na faixa de 55000.0...
2024-11-11 15:23:28,157 - INFO - Oportunidade encontrada na faixa de 55000.0...
2024-11-11 15:23:52,885 - INFO - Mensagem enviada com sucesso...
2024-11-11 15:24:01,640 - INFO - Carregando dados...
2024-11-11 15:24:01,643 - INFO - |- Abrindo tela
2024-11-11 15:24:01,645 - INFO - ====== WebDriver manager ======
2024-11-11 15:24:01,804 - INFO - Get LATEST chromedriver version for google-chrome
2024-11-11 15:24:02,044 - INFO - Get LATEST chromedriver version for google-chrome
2024-11-11 15:24:02,111 - INFO - Driver [/home/gabriel/.wdm/drivers/chromedriver/linux64/130.0.6723.116/chromedriver-linux64/chromedriver] found in cache
2024-11-11 15:24:04,485 - INFO - patching driver executable /home/gabriel/.local/share/undetected_chromedriver/undetected_chromedriver
2024-11-11 15:24:19,006 - INFO - Fazendo login no gmail...
2024-11-11 15:24:40,464 - INFO - Fazendo login no Mycotas...
2024-11-11 15:24:47,423 - INFO - Escolhendo o tipo de consorcio...
2024-11-11 15:24:51,534 - INFO - Configurando o input
2024-11-11 15:24:56,684 - INFO - Buscando ofertas na faixa de 340000.0...
2024-11-11 15:25:10,001 - INFO - Oportunidade encontrada na faixa de 340000.0...
2024-11-11 15:25:25,489 - INFO - Mensagem enviada com sucesso...
2024-11-11 15:25:27,574 - INFO - Enviando Email...
2024-11-11 15:25:44,530 - INFO - Oportunidade encontrada na faixa de 340000.0...
2024-11-11 15:25:59,546 - INFO - Mensagem enviada com sucesso...
2024-11-11 15:26:03,687 - INFO - Oportunidade encontrada na faixa de 340000.0...
2024-11-11 15:26:18,860 - INFO - Mensagem enviada com sucesso...
2024-11-11 15:26:23,004 - INFO - Oportunidade encontrada na faixa de 340000.0...
2024-11-11 15:26:38,048 - INFO - Mensagem enviada com sucesso...
2024-11-11 15:26:44,265 - INFO - Oportunidade encontrada na faixa de 340000.0...
2024-11-11 15:26:59,323 - INFO - Mensagem enviada com sucesso...
2024-11-11 15:27:03,489 - INFO - Oportunidade encontrada na faixa de 340000.0...
2024-11-11 15:27:18,481 - INFO - Mensagem enviada com sucesso...
2024-11-11 15:27:22,643 - INFO - Oportunidade encontrada na faixa de 340000.0...
2024-11-11 15:27:37,786 - INFO - Mensagem enviada com sucesso...
2024-11-11 15:27:42,091 - INFO - Oportunidade encontrada na faixa de 340000.0...
2024-11-11 15:27:57,215 - INFO - Mensagem enviada com sucesso...
2024-11-11 15:28:01,352 - INFO - Oportunidade encontrada na faixa de 340000.0...
2024-11-11 15:28:16,379 - INFO - Mensagem enviada com sucesso...
2024-11-11 15:28:20,544 - INFO - Oportunidade encontrada na faixa de 340000.0...
2024-11-11 15:28:35,619 - INFO - Mensagem enviada com sucesso...
2024-11-11 15:28:39,855 - INFO - Oportunidade encontrada na faixa de 340000.0...
2024-11-11 15:28:54,903 - INFO - Mensagem enviada com sucesso...
2024-11-11 15:28:59,070 - INFO - Oportunidade encontrada na faixa de 340000.0...
2024-11-11 15:29:14,102 - INFO - Mensagem enviada com sucesso...
2024-11-11 15:29:18,255 - INFO - Oportunidade encontrada na faixa de 340000.0...
2024-11-11 15:29:33,286 - INFO - Mensagem enviada com sucesso...
2024-11-11 15:29:37,447 - INFO - Oportunidade encontrada na faixa de 340000.0...
2024-11-11 15:29:52,450 - INFO - Mensagem enviada com sucesso...
2024-11-11 15:29:56,606 - INFO - Oportunidade encontrada na faixa de 340000.0...
2024-11-11 15:30:11,604 - INFO - Mensagem enviada com sucesso...
2024-11-11 15:30:15,741 - INFO - Oportunidade encontrada na faixa de 340000.0...
2024-11-11 15:30:30,742 - INFO - Mensagem enviada com sucesso...
2024-11-11 15:30:34,903 - INFO - Oportunidade encontrada na faixa de 340000.0...
2024-11-11 15:30:49,910 - INFO - Mensagem enviada com sucesso...
2024-11-11 15:30:54,036 - INFO - Configurando o input
2024-11-11 15:31:26,815 - INFO - Buscando ofertas na faixa de 440000.0...
2024-11-11 15:31:40,018 - INFO - Oportunidade encontrada na faixa de 440000.0...
2024-11-11 15:31:55,014 - INFO - Mensagem enviada com sucesso...
2024-11-11 15:31:59,133 - INFO - Configurando o input
2024-11-11 15:32:31,862 - INFO - Buscando ofertas na faixa de 540000.0...
2024-11-11 15:32:45,063 - INFO - Oportunidade encontrada na faixa de 540000.0...
2024-11-11 15:33:00,091 - INFO - Mensagem enviada com sucesso...
2024-11-11 15:33:04,215 - INFO - Configurando o input
2024-11-11 15:33:36,967 - INFO - Buscando ofertas na faixa de 640000.0...
2024-11-11 15:33:50,121 - INFO - Oportunidade encontrada na faixa de 640000.0...
2024-11-11 15:34:05,275 - INFO - Mensagem enviada com sucesso...
2024-11-11 15:34:09,497 - INFO - Configurando o input
2024-11-11 15:34:41,990 - INFO - Buscando ofertas na faixa de 700000.0...
2024-11-11 15:34:55,161 - INFO - Oportunidade encontrada na faixa de 700000.0...
2024-11-11 15:35:10,313 - INFO - Mensagem enviada com sucesso...
2024-11-11 15:35:14,429 - INFO - Entrando em modo de espera...
2024-11-11 15:37:25,417 - INFO - Carregando dados...
2024-11-11 15:37:25,417 - INFO - |- Abrindo tela
2024-11-11 15:37:25,418 - INFO - ====== WebDriver manager ======
2024-11-11 15:37:25,556 - INFO - Get LATEST chromedriver version for google-chrome
2024-11-11 15:37:25,623 - INFO - Get LATEST chromedriver version for google-chrome
2024-11-11 15:37:25,682 - INFO - Driver [/home/gabriel/.wdm/drivers/chromedriver/linux64/130.0.6723.116/chromedriver-linux64/chromedriver] found in cache
2024-11-11 15:37:27,660 - INFO - patching driver executable /home/gabriel/.local/share/undetected_chromedriver/undetected_chromedriver
2024-11-11 15:37:42,297 - INFO - Fazendo login no gmail...
2024-11-11 15:38:05,547 - INFO - Fazendo login no Mycotas...
2024-11-11 15:38:12,600 - INFO - Escolhendo o tipo de consorcio...
2024-11-11 15:38:16,693 - INFO - Configurando o input
2024-11-11 15:39:30,613 - INFO - Buscando ofertas na faixa de 55000.0...
2024-11-11 15:39:47,970 - INFO - Oportunidade encontrada na faixa de 55000.0...
2024-11-11 15:40:03,413 - INFO - Carregando dados...
2024-11-11 15:40:03,415 - INFO - |- Abrindo tela
2024-11-11 15:40:03,416 - INFO - ====== WebDriver manager ======
2024-11-11 15:40:03,562 - INFO - Get LATEST chromedriver version for google-chrome
2024-11-11 15:40:03,625 - INFO - Get LATEST chromedriver version for google-chrome
2024-11-11 15:40:03,685 - INFO - Driver [/home/gabriel/.wdm/drivers/chromedriver/linux64/130.0.6723.116/chromedriver-linux64/chromedriver] found in cache
2024-11-11 15:40:05,833 - INFO - patching driver executable /home/gabriel/.local/share/undetected_chromedriver/undetected_chromedriver
2024-11-11 15:40:20,181 - INFO - Fazendo login no gmail...
2024-11-11 15:52:57,519 - INFO - Carregando dados...
2024-11-11 15:52:57,525 - INFO - |- Abrindo tela
2024-11-11 15:52:57,528 - INFO - ====== WebDriver manager ======
2024-11-11 15:52:57,965 - INFO - Get LATEST chromedriver version for google-chrome
2024-11-11 15:52:58,068 - INFO - Get LATEST chromedriver version for google-chrome
2024-11-11 15:52:58,130 - INFO - Driver [/home/gabriel/.wdm/drivers/chromedriver/linux64/130.0.6723.116/chromedriver-linux64/chromedriver] found in cache
2024-11-11 15:53:00,103 - INFO - patching driver executable /home/gabriel/.local/share/undetected_chromedriver/undetected_chromedriver
2024-11-11 15:53:16,099 - INFO - Fazendo login no gmail...
2024-11-11 15:54:11,582 - INFO - Fazendo login no Mycotas...
2024-11-11 15:54:18,699 - INFO - Escolhendo o tipo de consorcio...
2024-11-11 15:54:22,824 - INFO - Configurando o input
2024-11-11 15:54:28,132 - INFO - Buscando ofertas na faixa de 55000.0...
